블루시스 제품명 기반 매칭 로직 검증 로그 (v1.6, 2026-06-12)
============================================================

[테스트 1] 기존 데이터 재검증: 물만두 (log/물만두_제품정보_2025_20260611_1631.json)
------------------------------------------------------------
입력 product_info:
  1 풀무원 | 생물만두
  2 씨제이 | 비비고 물만두   (기존 결과: 블루시스 미등록 → 수정 대상)
  3 하늘빛 | 궁중감자물만두
  4 오뚜기 | 오쉐프_정성가득물만두
  5 참조은 | 참조은 감자물만두

실행 로그:
  [블루시스] 로그인 중...
  [블루시스] 로그인 성공
  [블루시스] '물만두' 검색 102건
  [블루시스] 1위 풀무원/생물만두: 10,163원/kg  규격=1Kg  이미지=✓  (이벤트 레시피 풀무원생물만두1Kg(9g*110±1ea))
  [블루시스] 2위 씨제이/비비고 물만두: 11,261원/kg  규격=0.95kg  이미지=✓  (이벤트 비비고물만두(9±1g/개950g/EA) 9)
  [블루시스] 3위 하늘빛/궁중감자물만두: 11,500원/kg  규격=1kg  이미지=✓  (궁중감자물만두 7)
  [블루시스] 4위 오뚜기/오쉐프_정성가득물만두: 6,238원/kg  규격=1.3KG  이미지=✓  (이벤트 오쉐프_정성가득물만두1.3KG 4)
  [블루시스] 5위 참조은/참조은 감자물만두: 12,300원/kg  규격=1kg  이미지=✓  (참조은감자물만두 9)

결과:
  1 풀무원 | 생물만두           => 10,163원/kg | standard=1Kg   | img=True
  2 씨제이 | 비비고 물만두      => 11,261원/kg | standard=0.95kg| img=True  ★ 신규 매칭 성공
  3 하늘빛 | 궁중감자물만두     => 11,500원/kg | standard=1kg   | img=True
  4 오뚜기 | 오쉐프_정성가득물만두 => 6,238원/kg | standard=1.3KG | img=True
  5 참조은 | 참조은 감자물만두   => 12,300원/kg | standard=1kg   | img=True

→ 5/5 매칭 성공 (기존 4/5 → 5/5)


[테스트 2] 사용자 보고 사례 재현: 만두 (씨제이 비비고 왕교자/군만두, 풀무원 속보이는 쫀득이 복만두)
------------------------------------------------------------
입력 product_info:
  1 잠조은 | 새알심만두
  2 씨제이 | 비비고 왕교자          (기존 결과: 블루시스 미등록 → 수정 대상)
  3 풀무원 | 속보이는 쫀득이 복만두  (기존 결과: 블루시스 미등록 → 수정 대상)
  4 씨제이 | 비비고 군만두          (기존 결과: 블루시스 미등록 → 수정 대상)
  5 풀무원 | 생물만두

실행 로그:
  [블루시스] 로그인 중...
  [블루시스] 로그인 성공
  [블루시스] '만두' 검색 102건
  [블루시스] 1위 잠조은/새알심만두: 10,900원/kg  규격=1kg  이미지=✓  (새알심만두 225)
  [블루시스] '비비고 왕교자' 직접검색 3건
  [블루시스] 2위 씨제이/비비고 왕교자: 8,908원/kg  규격=1.05kg  이미지=✓  (이벤트 비비고왕교자(국산돼지고기_35g*30±2개입1.05Kg/EA))
  [블루시스] '속보이는 쫀득이 복만두' 직접검색 3건
  [블루시스] 3위 풀무원/속보이는 쫀득이 복만두: 14,442원/kg  규격=1.2kg  이미지=✓  (바른선속보이는쫀득이복만두1.2kg(30g*38ea이상),냉동,국내산돈육)
  [블루시스] 4위 씨제이/비비고 군만두: 10,435원/kg  규격=0.95kg  이미지=✓  (이벤트 비비고군만두(NEW_35g±1.5g*27±2개입950g/EA))
  [블루시스] '생물만두' 직접검색 3건
  [블루시스] 5위 풀무원/생물만두: 10,163원/kg  규격=1Kg  이미지=✓  (이벤트 레시피 풀무원생물만두1Kg(9g*110±1ea))

결과:
  1 잠조은 | 새알심만두            => 10,900원/kg | standard=1kg   | img=True
  2 씨제이 | 비비고 왕교자         => 8,908원/kg  | standard=1.05kg| img=True  ★ 신규 매칭 성공
  3 풀무원 | 속보이는 쫀득이 복만두 => 14,442원/kg | standard=1.2kg | img=True  ★ 신규 매칭 성공
  4 씨제이 | 비비고 군만두         => 10,435원/kg | standard=0.95kg| img=True  ★ 신규 매칭 성공
  5 풀무원 | 생물만두             => 10,163원/kg | standard=1Kg   | img=True

→ 5/5 매칭 성공 (기존 1/5 → 5/5)

비고: 3위 가격(14,442원/kg)은 사용자 캡처 화면의 17,330원과 다르나, 이는 블루시스
학교kg단가가 조사일자 기준으로 매일 갱신되는 시가성 데이터이기 때문이며,
매칭된 제품(바른선속보이는쫀득이복만두1.2kg) 자체는 캡처 화면과 동일하게 정확히 일치함.
